                 mean                  min              
T                   3      4      5      3      4      5
metric     m                                            
contrast   C0   0.789  0.783  0.768  0.472  0.386  0.286
           C1   0.720  0.775  0.812  0.598  0.648  0.710
           C2a  0.759  0.830  0.858  0.688  0.766  0.810
           C2b  0.973  0.973  0.967  0.946  0.944  0.940
           C2c  0.678  0.753  0.826  0.606  0.712  0.786
divergence C0   0.575  0.573  0.566  0.148  0.072  0.034
           C1   0.717  0.765  0.813  0.438  0.486  0.568
           C2a  0.758  0.825  0.869  0.684  0.778  0.830
           C2b  0.973  0.972  0.968  0.944  0.946  0.930
           C2c  0.668  0.748  0.826  0.610  0.694  0.766
T                    3       4       5
metric     m                          
contrast   C0   0.0430  0.0388  0.0355
           C1   0.0388  0.0356  0.0334
           C2a  0.0404  0.0397  0.0372
           C2b  0.1484  0.0899  0.0681
           C2c  0.0318  0.0320  0.0331
divergence C0   0.0268  0.0240  0.0220
           C1   0.0395  0.0359  0.0342
           C2a  0.0409  0.0400  0.0380
           C2b  0.1519  0.0910  0.0699
           C2c  0.0324  0.0322  0.0339
