true_gap                 0.00   0.05   0.08   0.10  0.12
K n       method                                        
2 100     M0 pct upper  0.000  0.000  0.000  0.000   0.0
          M2a upper     0.000  0.000  0.000  0.000   0.0
          M2b upper     0.000  0.000  0.000  0.000   0.0
  1000    M0 pct upper  0.984  0.616  0.172  0.020   0.0
          M2a upper     0.984  0.598  0.166  0.016   0.0
          M2b upper     0.986  0.600  0.170  0.016   0.0
3 100     M0 pct upper  0.000  0.000  0.000  0.000   0.0
          M2a upper     0.000  0.000  0.000  0.000   0.0
          M2b upper     0.000  0.000  0.000  0.000   0.0
  1000    M0 pct upper  0.970  0.422  0.044  0.000   0.0
          M2a upper     0.928  0.276  0.016  0.000   0.0
          M2b upper     0.934  0.296  0.020  0.000   0.0
  unequal M0 pct upper  0.000  0.000  0.000  0.000   0.0
          M2a upper     0.000  0.000  0.000  0.000   0.0
          M2b upper     0.000  0.000  0.000  0.000   0.0
5 1000    M0 pct upper  0.888  0.232  0.006  0.000   0.0
          M2a upper     0.586  0.052  0.000  0.000   0.0
          M2b upper     0.620  0.070  0.000  0.000   0.0
